
[7m[1m[36m RUN [39m[22m[27m [36mv1.6.1[39m [90mC:/Users/j_sco/projects/ServiceTag/ServiceTag[39m

node.exe : [90mstderr[2m | 
src/test/Auth.test.tsx[2m > 
[22m[2mAuthentication Flow[2m > 
[22m[2mrenders the forgot password link in 
the footer[22m[39m
At line:1 char:1
+ & "C:\Program Files\nodejs/node.exe" 
"C:\Program Files\nodejs/node_mo ...
+ ~~~~~~~~~~~~~~~~~~~~~~~~~~~~~~~~~~~~~~~~~~~
~~~~~~~~~~~~~~~~~~~~~~~~~~
    + CategoryInfo          : NotSpecified:  
   ([90mstderr[2m...ooter[22m[39m:Strin  
  g) [], RemoteException
    + FullyQualifiedErrorId : NativeCommandE 
   rror
 
ΓÜá∩╕Å React Router Future Flag Warning: 
React Router will begin wrapping state 
updates in `React.startTransition` in v7. 
You can use the `v7_startTransition` future 
flag to opt-in early. For more information, 
see https://reactrouter.com/v6/upgrading/futu
re#v7_starttransition.
ΓÜá∩╕Å React Router Future Flag Warning: 
Relative route resolution within Splat 
routes is changing in v7. You can use the 
`v7_relativeSplatPath` future flag to opt-in 
early. For more information, see https://reac
trouter.com/v6/upgrading/future#v7_relativesp
latpath.

 [32mΓ£ô[39m src/test/Auth.test.tsx [2m ([22m[2m1 test[22m[2m)[22m[90m 28[2mms[22m[39m

[2m Test Files [22m [1m[32m1 passed[39m[22m[90m (1)[39m
[2m      Tests [22m [1m[32m1 passed[39m[22m[90m (1)[39m
[2m   Start at [22m 22:15:15
[2m   Duration [22m 6.58s[2m (transform 523ms, setup 736ms, collect 3.58s, tests 28ms, environment 1.51s, prepare 240ms)[22m

